<?xml version="1.0" encoding="utf-8"?><testsuites><testsuite name="pytest" errors="0" failures="0" skipped="0" tests="54" time="0.857" timestamp="2025-01-14T22:00:52.480894-05:00" hostname="MacBook-Pro-3"><testcase classname="tests.client.test_gmail" name="test_get_unread_inbox" file="tests/client/test_gmail.py" line="102" time="0.006" /><testcase classname="tests.client.test_gmail" name="test_get_message_by_id" file="tests/client/test_gmail.py" line="115" time="0.002" /><testcase classname="tests.client.test_gmail" name="test_modify_labels" file="tests/client/test_gmail.py" line="131" time="0.002" /><testcase classname="tests.client.test_gmail" name="test_create_label" file="tests/client/test_gmail.py" line="159" time="0.003" /><testcase classname="tests.client.test_gmail" name="test_list_labels" file="tests/client/test_gmail.py" line="179" time="0.002" /><testcase classname="tests.client.test_message" name="test_basic_properties" file="tests/client/test_message.py" line="39" time="0.001" /><testcase classname="tests.client.test_message" name="test_labels" file="tests/client/test_message.py" line="49" time="0.001" /><testcase classname="tests.client.test_message" name="test_message_with_attachment" file="tests/client/test_message.py" line="54" time="0.000" /><testcase classname="tests.client.test_message" name="test_nested_multipart_message" file="tests/client/test_message.py" line="86" time="0.000" /><testcase classname="tests.client.test_message" name="test_message_without_parts" file="tests/client/test_message.py" line="119" time="0.000" /><testcase classname="tests.client.test_message" name="test_message_with_inline_images" file="tests/client/test_message.py" line="139" time="0.000" /><testcase classname="tests.client.test_message" name="test_message_with_invalid_encoding" file="tests/client/test_message.py" line="171" time="0.000" /><testcase classname="tests.client.test_message" name="test_header_parsing" file="tests/client/test_message.py" line="189" time="0.000" /><testcase classname="tests.services.test_audit_service" name="test_log_success" file="tests/services/test_audit_service.py" line="13" time="0.002" /><testcase classname="tests.services.test_audit_service" name="test_log_error" file="tests/services/test_audit_service.py" line="35" time="0.001" /><testcase classname="tests.services.test_audit_service" name="test_log_security_event" file="tests/services/test_audit_service.py" line="52" time="0.001" /><testcase classname="tests.services.test_audit_service" name="test_get_audit_logs" file="tests/services/test_audit_service.py" line="70" time="0.001" /><testcase classname="tests.services.test_audit_service" name="test_get_audit_logs_by_message" file="tests/services/test_audit_service.py" line="90" time="0.001" /><testcase classname="tests.services.test_audit_service" name="test_get_error_statistics" file="tests/services/test_audit_service.py" line="107" time="0.001" /><testcase classname="tests.services.test_classification_service" name="test_classify_certificate_approval" file="tests/services/test_classification_service.py" line="9" time="0.001" /><testcase classname="tests.services.test_classification_service" name="test_classify_payment_notification" file="tests/services/test_classification_service.py" line="14" time="0.001" /><testcase classname="tests.services.test_classification_service" name="test_classify_renewal_reminder" file="tests/services/test_classification_service.py" line="19" time="0.001" /><testcase classname="tests.services.test_classification_service" name="test_classify_state_regulator" file="tests/services/test_classification_service.py" line="24" time="0.000" /><testcase classname="tests.services.test_classification_service" name="test_classify_client_code" file="tests/services/test_classification_service.py" line="29" time="0.000" /><testcase classname="tests.services.test_classification_service" name="test_priority_determination" file="tests/services/test_classification_service.py" line="34" time="0.000" /><testcase classname="tests.services.test_classification_service" name="test_classification_accuracy_tracking" file="tests/services/test_classification_service.py" line="39" time="0.000" /><testcase classname="tests.services.test_content_extraction_service" name="test_extract_plain_text" file="tests/services/test_content_extraction_service.py" line="21" time="0.003" /><testcase classname="tests.services.test_content_extraction_service" name="test_extract_html_content" file="tests/services/test_content_extraction_service.py" line="31" time="0.001" /><testcase classname="tests.services.test_content_extraction_service" name="test_extract_pdf_content" file="tests/services/test_content_extraction_service.py" line="44" time="0.002" /><testcase classname="tests.services.test_content_extraction_service" name="test_extract_image_content" file="tests/services/test_content_extraction_service.py" line="61" time="0.001" /><testcase classname="tests.services.test_content_extraction_service" name="test_extract_multiple_attachments" file="tests/services/test_content_extraction_service.py" line="78" time="0.002" /><testcase classname="tests.services.test_content_extraction_service" name="test_extract_with_embedded_images" file="tests/services/test_content_extraction_service.py" line="96" time="0.002" /><testcase classname="tests.services.test_content_extraction_service" name="test_extract_with_urls" file="tests/services/test_content_extraction_service.py" line="113" time="0.001" /><testcase classname="tests.services.test_content_extraction_service" name="test_extract_with_tables" file="tests/services/test_content_extraction_service.py" line="131" time="0.002" /><testcase classname="tests.services.test_content_extraction_service" name="test_content_storage" file="tests/services/test_content_extraction_service.py" line="149" time="0.001" /><testcase classname="tests.services.test_email_processing_service" name="test_successful_email_processing" file="tests/services/test_email_processing_service.py" line="68" time="0.002" /><testcase classname="tests.services.test_email_processing_service" name="test_security_check_failure" file="tests/services/test_email_processing_service.py" line="113" time="0.002" /><testcase classname="tests.services.test_email_processing_service" name="test_process_new_emails_batch" file="tests/services/test_email_processing_service.py" line="151" time="0.004" /><testcase classname="tests.services.test_email_processing_service" name="test_retry_logic" file="tests/services/test_email_processing_service.py" line="192" time="0.002" /><testcase classname="tests.services.test_email_processing_service" name="test_get_processing_state" file="tests/services/test_email_processing_service.py" line="220" time="0.003" /><testcase classname="tests.services.test_security_service" name="test_verify_email_valid_sender" file="tests/services/test_security_service.py" line="39" time="0.004" /><testcase classname="tests.services.test_security_service" name="test_verify_email_suspicious_sender" file="tests/services/test_security_service.py" line="59" time="0.002" /><testcase classname="tests.services.test_security_service" name="test_verify_email_with_attachments" file="tests/services/test_security_service.py" line="84" time="0.002" /><testcase classname="tests.services.test_security_service" name="test_verify_email_suspicious_attachment" file="tests/services/test_security_service.py" line="111" time="0.003" /><testcase classname="tests.services.test_security_service" name="test_verify_email_large_attachment" file="tests/services/test_security_service.py" line="139" time="0.002" /><testcase classname="tests.services.test_security_service" name="test_verify_email_suspicious_content" file="tests/services/test_security_service.py" line="168" time="0.002" /><testcase classname="tests.services.test_security_service" name="test_verify_email_multiple_issues" file="tests/services/test_security_service.py" line="194" time="0.002" /><testcase classname="tests.services.test_security_service" name="test_check_sender_reputation" file="tests/services/test_security_service.py" line="223" time="0.001" /><testcase classname="tests.services.test_security_service" name="test_scan_attachment" file="tests/services/test_security_service.py" line="253" time="0.001" /><testcase classname="tests.test-simplegmail.test_query.TestQuery" name="test_and" file="tests/test-simplegmail/test_query.py" line="4" time="0.000" /><testcase classname="tests.test-simplegmail.test_query.TestQuery" name="test_or" file="tests/test-simplegmail/test_query.py" line="20" time="0.000" /><testcase classname="tests.test-simplegmail.test_query.TestQuery" name="test_exclude" file="tests/test-simplegmail/test_query.py" line="36" time="0.000" /><testcase classname="tests.test-simplegmail.test_query.TestQuery" name="test_construct_query_from_keywords" file="tests/test-simplegmail/test_query.py" line="43" time="0.000" /><testcase classname="tests.test-simplegmail.test_query.TestQuery" name="test_construct_query_from_dicts" file="tests/test-simplegmail/test_query.py" line="61" time="0.000" /></testsuite></testsuites>